// Jest Snapshot v1, https://goo.gl/fbAQLP

exports[`<MuiPaginationTableRow /> snapshot 1`] = `
<tr
  className="MuiTableRow-root makeStyles-root-2"
  role={null}
>
  <td
    aria-sort="ascending"
    className="MuiTableCell-root makeStyles-root-3 MuiTableCell-alignCenter"
  >
    <div
      className="MuiTypography-root makeStyles-root-4 MuiTypography-body1"
    >
      <span
        className="MuiTypography-root makeStyles-root-5 MuiTypography-body1"
      >
         undefined 
      </span>
    </div>
  </td>
</tr>
`;
