// Jest Snapshot v1, https://goo.gl/fbAQLP

exports[`<MuiAccordionSummary /> snapshot 1`] = `
<div
  aria-disabled={false}
  className="MuiButtonBase-root MuiAccordionSummary-root makeStyles-root-3"
  onBlur={[Function]}
  onClick={[Function]}
  onDragLeave={[Function]}
  onFocus={[Function]}
  onKeyDown={[Function]}
  onKeyUp={[Function]}
  onMouseDown={[Function]}
  onMouseLeave={[Function]}
  onMouseUp={[Function]}
  onTouchEnd={[Function]}
  onTouchMove={[Function]}
  onTouchStart={[Function]}
  role="button"
  tabIndex={0}
>
  <div
    className="MuiAccordionSummary-content"
  >
    <div
      className="MuiIcon storyblok--outline"
      data-blok-c="{\\"name\\": \\"MuiIcon\\", \\"space\\": \\"48408\\", \\"uid\\": \\"947be9f0-47c3-4315-a95a-550f0c560eb5\\", \\"id\\": \\"307934\\"}"
    >
      <span
        aria-hidden={true}
        className="material-icons MuiIcon-root makeStyles-root-4 MuiIcon-colorSecondary"
      >
        android
      </span>
    </div>
    <div
      className="MuiAccordionTypography storyblok--outline"
      data-blok-c="{\\"name\\": \\"MuiAccordionTypography\\", \\"space\\": \\"48408\\", \\"uid\\": \\"947be9f0-47c3-4315-a95a-550f0c560eb5\\", \\"id\\": \\"307934\\"}"
    >
      <div
        className="MuiTypography-root makeStyles-root-5 MuiTypography-body1"
      >
        <span
          className="MuiTypography-root makeStyles-root-6 MuiTypography-body1"
        >
           undefined 
        </span>
      </div>
    </div>
  </div>
  <div
    aria-disabled={false}
    aria-hidden={true}
    className="MuiButtonBase-root MuiIconButton-root MuiAccordionSummary-expandIcon MuiIconButton-edgeEnd"
    onBlur={[Function]}
    onDragLeave={[Function]}
    onFocus={[Function]}
    onKeyDown={[Function]}
    onKeyUp={[Function]}
    onMouseDown={[Function]}
    onMouseLeave={[Function]}
    onMouseUp={[Function]}
    onTouchEnd={[Function]}
    onTouchMove={[Function]}
    onTouchStart={[Function]}
    role={null}
    tabIndex={null}
  >
    <span
      className="MuiIconButton-label"
    >
      <span
        aria-hidden={true}
        className="material-icons MuiIcon-root makeStyles-root-7 MuiIcon-colorSecondary"
      >
        android
      </span>
    </span>
  </div>
</div>
`;
