// Jest Snapshot v1, https://goo.gl/fbAQLP

exports[`<MuiTypography /> snapshot 1`] = `
<div
  className="MuiTypography-root makeStyles-root-1 MuiTypography-body1"
>
  <span
    className="MuiTypography-root makeStyles-root-2 MuiTypography-body1"
  >
     undefined 
  </span>
  <a
    className="MuiTypography-root MuiLink-root MuiLink-underlineHover makeStyles-root-3 MuiTypography-colorPrimary"
    href="#"
    onBlur={[Function]}
    onClick={[Function]}
    onFocus={[Function]}
  >
    btn
  </a>
  <button
    className="MuiButtonBase-root MuiIconButton-root makeStyles-root-4"
    data-testid="muiIconButton"
    disabled={false}
    onBlur={[Function]}
    onClick={[Function]}
    onDragLeave={[Function]}
    onFocus={[Function]}
    onKeyDown={[Function]}
    onKeyUp={[Function]}
    onMouseDown={[Function]}
    onMouseLeave={[Function]}
    onMouseUp={[Function]}
    onTouchEnd={[Function]}
    onTouchMove={[Function]}
    onTouchStart={[Function]}
    tabIndex={0}
    type="button"
  >
    <span
      className="MuiIconButton-label"
    >
      <span
        aria-hidden={true}
        className="material-icons MuiIcon-root makeStyles-root-5 MuiIcon-colorSecondary"
      >
        star
      </span>
    </span>
  </button>
  <span
    aria-hidden={true}
    className="material-icons MuiIcon-root makeStyles-root-6 MuiIcon-colorSecondary"
  >
    android
  </span>
</div>
`;
