// Jest Snapshot v1, https://goo.gl/fbAQLP

exports[`<StyledList /> snapshot 1`] = `
<div
  className="MuiBox-root MuiBox-root-1 FlexItem FlexColumn"
/>
`;
