// Jest Snapshot v1, https://goo.gl/fbAQLP

exports[`<ListItemText /> snapshot 1`] = `
<div
  className="MuiListItemText-root makeStyles-root-3 function () { [native code] } MuiListItemText-multiline"
  data-blok-c={[Function]}
  data-blok-uid={[Function]}
>
  <span
    className="MuiTypography-root MuiListItemText-primary MuiTypography-body1 MuiTypography-displayBlock"
  >
    primary
  </span>
  <p
    className="MuiTypography-root MuiListItemText-secondary MuiTypography-body2 MuiTypography-colorTextSecondary MuiTypography-displayBlock"
  >
    secondary
  </p>
</div>
`;
