// Jest Snapshot v1, https://goo.gl/fbAQLP

exports[`<Drawer /> snapshot 1`] = `null`;
