// Jest Snapshot v1, https://goo.gl/fbAQLP

exports[`<Span /> snapshot 1`] = `
<span
  className="MuiTypography-root makeStyles-root-3   MuiTypography-body1"
  data-blok-c=""
  data-blok-uid=""
  inView={true}
  style={
    Object {
      "opacity": 1,
    }
  }
>
   wooo 
</span>
`;
