// Jest Snapshot v1, https://goo.gl/fbAQLP

exports[`<MuiDrawer /> snapshot 1`] = `null`;
