// Jest Snapshot v1, https://goo.gl/fbAQLP

exports[`<ListItemAvatar /> snapshot 1`] = `
<div
  className="MuiListItemAvatar-root makeStyles-root-3"
>
  <div
    className="MuiAvatar-root MuiAvatar-circle MuiAvatar-colorDefault"
  />
</div>
`;
