// Jest Snapshot v1, https://goo.gl/fbAQLP

exports[`<GoogleRecaptcha /> snapshot 1`] = `<div />`;
