// Jest Snapshot v1, https://goo.gl/fbAQLP

exports[`<MusicListItem /> snapshot 1`] = `
<div
  className="MuiBox-root MuiBox-root-6 FlexItem FlexColumn"
  data-blok-c=""
  data-blok-uid=""
>
  <div
    className="MuiBox-root MuiBox-root-7 FlexItem FlexRow"
    data-blok-c=""
    data-blok-uid=""
  >
    <div
      className="MuiBox-root MuiBox-root-8 FlexItem"
    >
      <div
        className="GrowAvatar-root-1 GrowAvatar-root-5"
      >
        <div
          className="MuiAvatar-root MuiAvatar-circle"
        >
          <img
            className="MuiAvatar-img"
            src="cool.png"
          />
        </div>
      </div>
    </div>
    <div
      className="MuiBox-root MuiBox-root-12 FlexItem Info"
      style={
        Object {
          "textAlign": "left",
        }
      }
    >
      <h6
        className="MuiTypography-root InfoTitle MusicInfo-title-9 MuiTypography-h6"
        style={
          Object {
            "fontSize": "0.875rem",
          }
        }
      >
        title
      </h6>
      <p
        className="MuiTypography-root InfoSubtitle MusicInfo-subtitle-10 MuiTypography-body1"
        style={
          Object {
            "fontSize": "0.875rem",
          }
        }
      >
        subtitle
      </p>
      <p
        className="MuiTypography-root InfoCaption MusicInfo-caption-11 makeStyles-text-3 MuiTypography-body1"
      >
        
      </p>
    </div>
    <div
      className="MuiBox-root MuiBox-root-13 FlexItem"
    />
  </div>
</div>
`;
