// Jest Snapshot v1, https://goo.gl/fbAQLP

exports[`<MuiListItem /> snapshot 1`] = `
<li
  className="MuiListItem-root makeStyles-root-3 MuiListItem-gutters"
  disabled={false}
>
  <div
    className="MuiListItemAvatar-root makeStyles-root-4"
  >
    <div
      className="MuiAvatar-root MuiAvatar-circle MuiAvatar-colorDefault"
    >
      <span
        aria-hidden={true}
        className="material-icons MuiIcon-root makeStyles-root-5 MuiIcon-colorSecondary"
      >
        android
      </span>
    </div>
  </div>
  <div
    className="MuiListItemIcon-root makeStyles-root-6"
  >
    <span
      aria-hidden={true}
      className="material-icons MuiIcon-root makeStyles-root-7 MuiIcon-colorSecondary"
    >
      android
    </span>
  </div>
  <div
    className="MuiListItemText-root makeStyles-root-8 MuiListItemText-multiline"
  >
    <span
      className="MuiTypography-root MuiListItemText-primary MuiTypography-body1 MuiTypography-displayBlock"
    >
      primary
    </span>
    <p
      className="MuiTypography-root MuiListItemText-secondary MuiTypography-body2 MuiTypography-colorTextSecondary MuiTypography-displayBlock"
    >
      
    </p>
  </div>
  <div
    className="MuiListItemSecondaryAction-root makeStyles-root-9"
  >
    <button
      className="MuiButtonBase-root MuiIconButton-root makeStyles-root-10"
      data-testid="muiIconButton"
      disabled={false}
      onBlur={[Function]}
      onClick={[Function]}
      onDragLeave={[Function]}
      onFocus={[Function]}
      onKeyDown={[Function]}
      onKeyUp={[Function]}
      onMouseDown={[Function]}
      onMouseLeave={[Function]}
      onMouseUp={[Function]}
      onTouchEnd={[Function]}
      onTouchMove={[Function]}
      onTouchStart={[Function]}
      tabIndex={0}
      type="button"
    >
      <span
        className="MuiIconButton-label"
      >
        <span
          aria-hidden={true}
          className="material-icons MuiIcon-root makeStyles-root-11 MuiIcon-colorSecondary"
        >
          star
        </span>
      </span>
    </button>
  </div>
</li>
`;
