// Jest Snapshot v1, https://goo.gl/fbAQLP

exports[`<MuiDialogContent /> snapshot 1`] = `
<div
  className="MuiDialogContent-root makeStyles-root-3"
>
  <div
    className="MuiTypography-root makeStyles-root-4 MuiTypography-body1"
  >
    <span
      className="MuiTypography-root makeStyles-root-5 MuiTypography-body1"
    >
       undefined 
    </span>
  </div>
</div>
`;
