// Jest Snapshot v1, https://goo.gl/fbAQLP

exports[`<MuiExpansionPanel /> snapshot 1`] = `
<div
  className="MuiPaper-root MuiExpansionPanel-root makeStyles-root-3 MuiExpansionPanel-rounded MuiPaper-elevation1 MuiPaper-rounded"
>
  <div
    aria-disabled={false}
    aria-expanded={false}
    className="MuiButtonBase-root MuiExpansionPanelSummary-root makeStyles-root-4"
    onBlur={[Function]}
    onClick={[Function]}
    onDragLeave={[Function]}
    onFocus={[Function]}
    onKeyDown={[Function]}
    onKeyUp={[Function]}
    onMouseDown={[Function]}
    onMouseLeave={[Function]}
    onMouseUp={[Function]}
    onTouchEnd={[Function]}
    onTouchMove={[Function]}
    onTouchStart={[Function]}
    role="button"
    tabIndex={0}
  >
    <div
      className="MuiExpansionPanelSummary-content"
    >
      <span
        aria-hidden={true}
        className="material-icons MuiIcon-root makeStyles-root-5 MuiIcon-colorSecondary"
      >
        android
      </span>
    </div>
    <div
      aria-disabled={false}
      aria-hidden={true}
      className="MuiButtonBase-root MuiIconButton-root MuiExpansionPanelSummary-expandIcon MuiIconButton-edgeEnd"
      onBlur={[Function]}
      onDragLeave={[Function]}
      onFocus={[Function]}
      onKeyDown={[Function]}
      onKeyUp={[Function]}
      onMouseDown={[Function]}
      onMouseLeave={[Function]}
      onMouseUp={[Function]}
      onTouchEnd={[Function]}
      onTouchMove={[Function]}
      onTouchStart={[Function]}
      role={null}
      tabIndex={null}
    >
      <span
        className="MuiIconButton-label"
      >
        <span
          aria-hidden={true}
          className="material-icons MuiIcon-root makeStyles-root-6 MuiIcon-colorSecondary"
        >
          android
        </span>
      </span>
    </div>
  </div>
  <div
    className="MuiCollapse-container MuiCollapse-hidden"
    style={
      Object {
        "minHeight": "0px",
      }
    }
  >
    <div
      className="MuiCollapse-wrapper"
    >
      <div
        className="MuiCollapse-wrapperInner"
      >
        <div
          role="region"
        >
          <div
            className="MuiExpansionPanelDetails-root makeStyles-root-7"
          >
            <div
              className="MuiTypography-root makeStyles-root-8 MuiTypography-body1"
            >
              <span
                className="MuiTypography-root makeStyles-root-9 MuiTypography-body1"
              >
                 undefined 
              </span>
            </div>
          </div>
        </div>
      </div>
    </div>
  </div>
</div>
`;
