// Jest Snapshot v1, https://goo.gl/fbAQLP

exports[`<ListItemButton /> snapshot 1`] = `
<div
  aria-disabled={false}
  className="MuiButtonBase-root MuiListItem-root makeStyles-root-5 MuiListItem-gutters MuiListItem-button"
  onBlur={[Function]}
  onClick={[Function]}
  onDragLeave={[Function]}
  onFocus={[Function]}
  onKeyDown={[Function]}
  onKeyUp={[Function]}
  onMouseDown={[Function]}
  onMouseLeave={[Function]}
  onMouseUp={[Function]}
  onTouchEnd={[Function]}
  onTouchMove={[Function]}
  onTouchStart={[Function]}
  role="button"
  tabIndex={0}
/>
`;
