// Jest Snapshot v1, https://goo.gl/fbAQLP

exports[`<MuiAccordionDetails /> snapshot 1`] = `
<div
  className="MuiAccordionDetails-root makeStyles-root-3"
>
  <div
    className="MuiAccordionTypography storyblok--outline"
    data-blok-c="{\\"name\\": \\"MuiAccordionTypography\\", \\"space\\": \\"48408\\", \\"uid\\": \\"947be9f0-47c3-4315-a95a-550f0c560eb5\\", \\"id\\": \\"307934\\"}"
  >
    <div
      className="MuiTypography-root makeStyles-root-4 MuiTypography-body1"
    >
      <span
        className="MuiTypography-root makeStyles-root-5 MuiTypography-body1"
      >
         undefined 
      </span>
    </div>
  </div>
</div>
`;
