// Jest Snapshot v1, https://goo.gl/fbAQLP

exports[`<Form /> snapshot 1`] = `
<form
  onSubmit={[Function]}
>
  <div
    className="MuiBox-root MuiBox-root-63"
  >
    <div
      className="MuiGrid-root makeStyles-root-62  MuiGrid-container MuiGrid-spacing-xs-2 MuiGrid-align-items-xs-center MuiGrid-justify-xs-center"
      data-blok-c=""
      data-blok-uid=""
    >
      <div
        className="MuiGrid-root makeStyles-root-66 FormGridItem storyblok--outline MuiGrid-container MuiGrid-spacing-xs-2 MuiGrid-item MuiGrid-align-items-xs-center MuiGrid-justify-xs-center"
        data-blok-c="{\\"name\\": \\"FormGridItem\\", \\"space\\": \\"48408\\", \\"uid\\": \\"947be9f0-47c3-4315-a95a-550f0c560eb5\\", \\"id\\": \\"307934\\"}"
        data-blok-uid=""
      >
        <label
          className="MuiFormControlLabel-root"
          field={
            Object {
              "input": Object {
                "checked": false,
                "name": "checkbox",
                "onBlur": [Function],
                "onChange": [Function],
                "onFocus": [Function],
                "type": "checkbox",
                "value": null,
              },
              "meta": Object {
                "active": false,
                "data": Object {},
                "dirty": false,
                "dirtySinceLastSubmit": false,
                "error": undefined,
                "initial": false,
                "invalid": false,
                "length": undefined,
                "modified": false,
                "modifiedSinceLastSubmit": false,
                "pristine": true,
                "submitError": undefined,
                "submitFailed": false,
                "submitSucceeded": false,
                "submitting": false,
                "touched": false,
                "valid": true,
                "validating": false,
                "visited": false,
              },
            }
          }
          id="checkbox"
        >
          <span
            aria-disabled={false}
            className="MuiButtonBase-root MuiIconButton-root PrivateSwitchBase-root-10 MuiCheckbox-root MuiCheckbox-colorSecondary MuiIconButton-colorSecondary"
            onBlur={[Function]}
            onDragLeave={[Function]}
            onFocus={[Function]}
            onKeyDown={[Function]}
            onKeyUp={[Function]}
            onMouseDown={[Function]}
            onMouseLeave={[Function]}
            onMouseUp={[Function]}
            onTouchEnd={[Function]}
            onTouchMove={[Function]}
            onTouchStart={[Function]}
            tabIndex={null}
          >
            <span
              className="MuiIconButton-label"
            >
              <input
                className="PrivateSwitchBase-input-13"
                data-indeterminate={false}
                disabled={false}
                onChange={[Function]}
                type="checkbox"
                value={null}
              />
              <svg
                aria-hidden={true}
                className="MuiSvgIcon-root"
                focusable="false"
                viewBox="0 0 24 24"
              >
                <path
                  d="M19 5v14H5V5h14m0-2H5c-1.1 0-2 .9-2 2v14c0 1.1.9 2 2 2h14c1.1 0 2-.9 2-2V5c0-1.1-.9-2-2-2z"
                />
              </svg>
            </span>
          </span>
          <span
            className="MuiTypography-root MuiFormControlLabel-label MuiTypography-body1"
          >
            
          </span>
        </label>
        <div
          className="MuiFormControl-root MuiTextField-root MuiFormControl-marginNormal"
          data-testid="muiinput"
          field={
            Object {
              "input": Object {
                "checked": undefined,
                "name": "input",
                "onBlur": [Function],
                "onChange": [Function],
                "onFocus": [Function],
                "type": "text",
                "value": "",
              },
              "meta": Object {
                "active": false,
                "data": Object {},
                "dirty": false,
                "dirtySinceLastSubmit": false,
                "error": undefined,
                "initial": undefined,
                "invalid": false,
                "length": undefined,
                "modified": false,
                "modifiedSinceLastSubmit": false,
                "pristine": true,
                "submitError": undefined,
                "submitFailed": false,
                "submitSucceeded": false,
                "submitting": false,
                "touched": false,
                "valid": true,
                "validating": false,
                "visited": false,
              },
            }
          }
        >
          <label
            className="MuiFormLabel-root MuiInputLabel-root MuiInputLabel-formControl MuiInputLabel-animated"
            data-shrink={false}
          >
            input
          </label>
          <div
            className="MuiInputBase-root MuiInput-root MuiInput-underline MuiInputBase-formControl MuiInput-formControl"
            onClick={[Function]}
          >
            <input
              aria-invalid={false}
              autoComplete=""
              autoFocus={false}
              className="MuiInputBase-input MuiInput-input"
              disabled={false}
              name="input"
              onAnimationStart={[Function]}
              onBlur={[Function]}
              onChange={[Function]}
              onFocus={[Function]}
              placeholder=""
              required={false}
              rows=""
              type="text"
              value=""
            />
          </div>
        </div>
        <div
          className="MuiFormControl-root MuiTextField-root MuiFormControl-marginNormal"
          field={
            Object {
              "input": Object {
                "checked": undefined,
                "name": "select",
                "onBlur": [Function],
                "onChange": [Function],
                "onFocus": [Function],
                "value": "",
              },
              "meta": Object {
                "active": false,
                "data": Object {},
                "dirty": false,
                "dirtySinceLastSubmit": false,
                "error": undefined,
                "initial": undefined,
                "invalid": false,
                "length": undefined,
                "modified": false,
                "modifiedSinceLastSubmit": false,
                "pristine": true,
                "submitError": undefined,
                "submitFailed": false,
                "submitSucceeded": false,
                "submitting": false,
                "touched": false,
                "valid": true,
                "validating": false,
                "visited": false,
              },
            }
          }
        >
          <label
            className="MuiFormLabel-root MuiInputLabel-root MuiInputLabel-formControl MuiInputLabel-animated"
            data-shrink={false}
          >
            select
          </label>
          <div
            className="MuiInputBase-root MuiInput-root MuiInput-underline MuiInputBase-formControl MuiInput-formControl"
            onClick={[Function]}
          >
            <div
              aria-haspopup="listbox"
              aria-labelledby="mui-component-select-select"
              className="MuiSelect-root MuiSelect-select MuiSelect-selectMenu MuiInputBase-input MuiInput-input"
              id="mui-component-select-select"
              onBlur={[Function]}
              onFocus={[Function]}
              onKeyDown={[Function]}
              onMouseDown={[Function]}
              role="button"
              tabIndex={0}
            >
              <span
                dangerouslySetInnerHTML={
                  Object {
                    "__html": "&#8203;",
                  }
                }
              />
            </div>
            <input
              aria-hidden={true}
              autoComplete=""
              autoFocus={false}
              className="MuiSelect-nativeInput"
              name="select"
              onAnimationStart={[Function]}
              onChange={[Function]}
              placeholder=""
              required={false}
              tabIndex={-1}
              value=""
            />
            <svg
              aria-hidden={true}
              className="MuiSvgIcon-root MuiSelect-icon"
              focusable="false"
              viewBox="0 0 24 24"
            >
              <path
                d="M7 10l5 5 5-5z"
              />
            </svg>
          </div>
        </div>
        <label
          className="MuiFormControlLabel-root"
          data-testid="MuiRadioID"
          field={
            Object {
              "input": Object {
                "checked": false,
                "name": "radio",
                "onBlur": [Function],
                "onChange": [Function],
                "onFocus": [Function],
                "type": "radio",
                "value": "radio1",
              },
              "meta": Object {
                "active": false,
                "data": Object {},
                "dirty": false,
                "dirtySinceLastSubmit": false,
                "error": undefined,
                "initial": undefined,
                "invalid": false,
                "length": undefined,
                "modified": false,
                "modifiedSinceLastSubmit": false,
                "pristine": true,
                "submitError": undefined,
                "submitFailed": false,
                "submitSucceeded": false,
                "submitting": false,
                "touched": false,
                "valid": true,
                "validating": false,
                "visited": false,
              },
            }
          }
          id="radio"
        >
          <span
            aria-disabled={false}
            className="MuiButtonBase-root MuiIconButton-root PrivateSwitchBase-root-10 MuiRadio-root MuiRadio-colorSecondary MuiIconButton-colorSecondary"
            onBlur={[Function]}
            onDragLeave={[Function]}
            onFocus={[Function]}
            onKeyDown={[Function]}
            onKeyUp={[Function]}
            onMouseDown={[Function]}
            onMouseLeave={[Function]}
            onMouseUp={[Function]}
            onTouchEnd={[Function]}
            onTouchMove={[Function]}
            onTouchStart={[Function]}
            tabIndex={null}
          >
            <span
              className="MuiIconButton-label"
            >
              <input
                checked={false}
                className="PrivateSwitchBase-input-13"
                disabled={false}
                onChange={[Function]}
                type="radio"
                value="radio1"
              />
              <div
                className="PrivateRadioButtonIcon-root-14"
              >
                <svg
                  aria-hidden={true}
                  className="MuiSvgIcon-root"
                  focusable="false"
                  viewBox="0 0 24 24"
                >
                  <path
                    d="M12 2C6.48 2 2 6.48 2 12s4.48 10 10 10 10-4.48 10-10S17.52 2 12 2zm0 18c-4.42 0-8-3.58-8-8s3.58-8 8-8 8 3.58 8 8-3.58 8-8 8z"
                  />
                </svg>
                <svg
                  aria-hidden={true}
                  className="MuiSvgIcon-root PrivateRadioButtonIcon-layer-15"
                  focusable="false"
                  viewBox="0 0 24 24"
                >
                  <path
                    d="M8.465 8.465C9.37 7.56 10.62 7 12 7C14.76 7 17 9.24 17 12C17 13.38 16.44 14.63 15.535 15.535C14.63 16.44 13.38 17 12 17C9.24 17 7 14.76 7 12C7 10.62 7.56 9.37 8.465 8.465Z"
                  />
                </svg>
              </div>
            </span>
          </span>
          <span
            className="MuiTypography-root MuiFormControlLabel-label MuiTypography-body1"
          >
            
          </span>
        </label>
        <label
          className="MuiFormControlLabel-root"
          data-testid="MuiRadioID"
          field={
            Object {
              "input": Object {
                "checked": false,
                "name": "radio",
                "onBlur": [Function],
                "onChange": [Function],
                "onFocus": [Function],
                "type": "radio",
                "value": "radio2",
              },
              "meta": Object {
                "active": false,
                "data": Object {},
                "dirty": false,
                "dirtySinceLastSubmit": false,
                "error": undefined,
                "initial": undefined,
                "invalid": false,
                "length": undefined,
                "modified": false,
                "modifiedSinceLastSubmit": false,
                "pristine": true,
                "submitError": undefined,
                "submitFailed": false,
                "submitSucceeded": false,
                "submitting": false,
                "touched": false,
                "valid": true,
                "validating": false,
                "visited": false,
              },
            }
          }
          id="radio"
        >
          <span
            aria-disabled={false}
            className="MuiButtonBase-root MuiIconButton-root PrivateSwitchBase-root-10 MuiRadio-root MuiRadio-colorSecondary MuiIconButton-colorSecondary"
            onBlur={[Function]}
            onDragLeave={[Function]}
            onFocus={[Function]}
            onKeyDown={[Function]}
            onKeyUp={[Function]}
            onMouseDown={[Function]}
            onMouseLeave={[Function]}
            onMouseUp={[Function]}
            onTouchEnd={[Function]}
            onTouchMove={[Function]}
            onTouchStart={[Function]}
            tabIndex={null}
          >
            <span
              className="MuiIconButton-label"
            >
              <input
                checked={false}
                className="PrivateSwitchBase-input-13"
                disabled={false}
                onChange={[Function]}
                type="radio"
                value="radio2"
              />
              <div
                className="PrivateRadioButtonIcon-root-14"
              >
                <svg
                  aria-hidden={true}
                  className="MuiSvgIcon-root"
                  focusable="false"
                  viewBox="0 0 24 24"
                >
                  <path
                    d="M12 2C6.48 2 2 6.48 2 12s4.48 10 10 10 10-4.48 10-10S17.52 2 12 2zm0 18c-4.42 0-8-3.58-8-8s3.58-8 8-8 8 3.58 8 8-3.58 8-8 8z"
                  />
                </svg>
                <svg
                  aria-hidden={true}
                  className="MuiSvgIcon-root PrivateRadioButtonIcon-layer-15"
                  focusable="false"
                  viewBox="0 0 24 24"
                >
                  <path
                    d="M8.465 8.465C9.37 7.56 10.62 7 12 7C14.76 7 17 9.24 17 12C17 13.38 16.44 14.63 15.535 15.535C14.63 16.44 13.38 17 12 17C9.24 17 7 14.76 7 12C7 10.62 7.56 9.37 8.465 8.465Z"
                  />
                </svg>
              </div>
            </span>
          </span>
          <span
            className="MuiTypography-root MuiFormControlLabel-label MuiTypography-body1"
          >
            
          </span>
        </label>
      </div>
    </div>
  </div>
  <button
    className="MuiButtonBase-root MuiButton-root MuiButton-text MuiButton-textSecondary MuiButton-fullWidth"
    data-testid="Button"
    disabled={false}
    onBlur={[Function]}
    onDragLeave={[Function]}
    onFocus={[Function]}
    onKeyDown={[Function]}
    onKeyUp={[Function]}
    onMouseDown={[Function]}
    onMouseLeave={[Function]}
    onMouseUp={[Function]}
    onTouchEnd={[Function]}
    onTouchMove={[Function]}
    onTouchStart={[Function]}
    tabIndex={0}
    type="submit"
  >
    <span
      className="MuiButton-label"
    >
      submit
    </span>
  </button>
  
  
</form>
`;
