// Jest Snapshot v1, https://goo.gl/fbAQLP

exports[`<MuiListItemButton /> snapshot 1`] = `
<div
  aria-disabled={false}
  className="MuiButtonBase-root MuiListItem-root makeStyles-root-5 MuiListItem-gutters MuiListItem-button"
  onBlur={[Function]}
  onClick={[Function]}
  onDragLeave={[Function]}
  onFocus={[Function]}
  onKeyDown={[Function]}
  onKeyUp={[Function]}
  onMouseDown={[Function]}
  onMouseLeave={[Function]}
  onMouseUp={[Function]}
  onTouchEnd={[Function]}
  onTouchMove={[Function]}
  onTouchStart={[Function]}
  role="button"
  tabIndex={0}
>
  <div
    className="MuiListItemAvatar-root makeStyles-root-6"
  >
    <div
      className="MuiAvatar-root MuiAvatar-circle MuiAvatar-colorDefault"
    >
      <span
        aria-hidden={true}
        className="material-icons MuiIcon-root makeStyles-root-7 MuiIcon-colorSecondary"
      >
        android
      </span>
    </div>
  </div>
  <div
    className="MuiListItemIcon-root makeStyles-root-8"
  >
    <span
      aria-hidden={true}
      className="material-icons MuiIcon-root makeStyles-root-9 MuiIcon-colorSecondary"
    >
      android
    </span>
  </div>
  <div
    className="MuiListItemText-root makeStyles-root-10 MuiListItemText-multiline"
  >
    <span
      className="MuiTypography-root MuiListItemText-primary MuiTypography-body1 MuiTypography-displayBlock"
    >
      primary
    </span>
    <p
      className="MuiTypography-root MuiListItemText-secondary MuiTypography-body2 MuiTypography-colorTextSecondary MuiTypography-displayBlock"
    >
      
    </p>
  </div>
</div>
`;
