// Jest Snapshot v1, https://goo.gl/fbAQLP

exports[`<MuiStoryblok /> snapshot 1`] = `
<div
  className="MuiGrid-root MuiGrid-container MuiGrid-align-items-xs-center MuiGrid-justify-xs-center"
  style={Object {}}
>
  <div>
    Aloha
  </div>
  
</div>
`;
