// Jest Snapshot v1, https://goo.gl/fbAQLP

exports[`<MuiListDropdown /> snapshot 1`] = `
<ul
  className="MuiList-root makeStyles-root-3 MuiList-padding"
>
  <div
    aria-disabled={false}
    className="MuiButtonBase-root MuiListItem-root makeStyles-root-4 MuiListItem-gutters MuiListItem-button"
    onBlur={[Function]}
    onClick={[Function]}
    onDragLeave={[Function]}
    onFocus={[Function]}
    onKeyDown={[Function]}
    onKeyUp={[Function]}
    onMouseDown={[Function]}
    onMouseLeave={[Function]}
    onMouseUp={[Function]}
    onTouchEnd={[Function]}
    onTouchMove={[Function]}
    onTouchStart={[Function]}
    role="button"
    tabIndex={0}
  >
    <div
      className="MuiListItemIcon-root makeStyles-root-5"
    >
      <span
        aria-hidden={true}
        className="material-icons MuiIcon-root makeStyles-root-6 MuiIcon-colorSecondary"
      >
        star
      </span>
    </div>
    <div
      className="MuiListItemText-root"
    >
      <span
        className="MuiTypography-root MuiListItemText-primary MuiTypography-body1 MuiTypography-displayBlock"
      >
        list Text
      </span>
    </div>
    <svg
      aria-hidden={true}
      className="MuiSvgIcon-root"
      focusable="false"
      viewBox="0 0 24 24"
    >
      <path
        d="M16.59 8.59L12 13.17 7.41 8.59 6 10l6 6 6-6z"
      />
      <path
        d="M0 0h24v24H0z"
        fill="none"
      />
    </svg>
  </div>
</ul>
`;
