// Jest Snapshot v1, https://goo.gl/fbAQLP

exports[`<ListItemSecondaryAction /> snapshot 1`] = `
<div
  className="MuiListItemSecondaryAction-root makeStyles-root-3 "
  data-blok-c=""
  data-blok-uid=""
/>
`;
