// Jest Snapshot v1, https://goo.gl/fbAQLP

exports[`<IconButton /> snapshot 1`] = `
<button
  className="MuiButtonBase-root MuiIconButton-root makeStyles-root-17"
  data-testid="muiIconButton"
  disabled={false}
  onBlur={[Function]}
  onClick={[MockFunction]}
  onDragLeave={[Function]}
  onFocus={[Function]}
  onKeyDown={[Function]}
  onKeyUp={[Function]}
  onMouseDown={[Function]}
  onMouseLeave={[Function]}
  onMouseUp={[Function]}
  onTouchEnd={[Function]}
  onTouchMove={[Function]}
  onTouchStart={[Function]}
  tabIndex={0}
  type="button"
>
  <span
    className="MuiIconButton-label"
  >
    <span
      aria-hidden={true}
      className="material-icons MuiIcon-root makeStyles-root-18  MuiIcon-colorSecondary"
      data-blok-c=""
      data-blok-uid=""
    >
      star
    </span>
  </span>
</button>
`;
