// Jest Snapshot v1, https://goo.gl/fbAQLP

exports[`<ReviewCard /> snapshot 1`] = `
<div
  className="MuiPaper-root MuiCard-root makeStyles-root-1 MuiPaper-elevation1 MuiPaper-rounded"
  data-blok-c=""
  data-blok-uid=""
>
  <div
    alt="cool"
    className="MuiCardMedia-root makeStyles-root-12 "
    data-blok-c=""
    data-blok-uid=""
    style={
      Object {
        "backgroundImage": "url(\\"cool.jpg\\")",
      }
    }
    title="imgTitle"
  />
  <div
    className="MuiCardContent-root makeStyles-root-9 makeStyles-content-4"
  >
    <span
      className="MuiTypography-root TextInfoContent-overline-13 MuiTypography-body1"
    >
      overline
    </span>
    <h4
      className="MuiTypography-root TextInfoContent-heading-14 MuiTypography-body1"
    >
      heading
    </h4>
    <p
      className="MuiTypography-root TextInfoContent-body-15 MuiTypography-body1"
    >
      body
    </p>
  </div>
</div>
`;
